2024-02-05 21:36:56,355 - INFO - step1 done
2024-02-05 21:36:59,110 - INFO - step2 done
2024-02-05 21:37:02,893 - INFO - step3 done
